[dotenv@17.2.4] injecting env (1) from .env.local -- tip: ΓÜÖ∩╕Å  enable debug logging with { debug: true }
Testing API Key: AIzaSyAQRJ...

--- TEST 1: Basic Text Generation (Gemini 1.5 Flash) ---
node : FAIL: Text generation failed.
At line:1 char:1
+ node test_api.js > test_output.txt 2>&1
+ ~~~~~~~~~~~~~~~~~~~~~~~~~~~~~~~~~~~~~~~
    + CategoryInfo          : NotSpecified: (FAIL: Text generati 
   on failed.:String) [], RemoteException
    + FullyQualifiedErrorId : NativeCommandError
 
Error: [GoogleGenerativeAI Error]: Error fetching from https://ge
nerativelanguage.googleapis.com/v1beta/models/gemini-1.5-flash:ge
nerateContent: [400 Bad Request] API key expired. Please renew 
the API key. [{"@type":"type.googleapis.com/google.rpc.ErrorInfo"
,"reason":"API_KEY_INVALID","domain":"googleapis.com","metadata":
{"service":"generativelanguage.googleapis.com"}},{"@type":"type.g
oogleapis.com/google.rpc.LocalizedMessage","locale":"en-US","mess
age":"API key expired. Please renew the API key."}]
